// Jest Snapshot v1, https://goo.gl/fbAQLP

exports[`Input renders correctly 1`] = `
<View
  style={
    Object {
      "alignItems": "center",
      "flex": 1,
      "flexDirection": "row",
      "height": 40,
    }
  }
>
  <Text
    accessible={true}
    allowFontScaling={true}
    disabled={false}
    ellipsizeMode="tail"
    style={
      Object {
        "flex": 1,
        "fontSize": 18,
        "paddingLeft": 20,
      }
    }
  >
     
     
  </Text>
  <TextInput
    autoCorrect={false}
    onChangeText={undefined}
    placeholder={undefined}
    secureTextEntry={undefined}
    style={
      Object {
        "color": "#000",
        "flex": 2,
        "fontSize": 18,
        "lineHeight": 23,
        "paddingLeft": 5,
        "paddingRight": 5,
      }
    }
    underlineColorAndroid="transparent"
    value={undefined}
  />
</View>
`;
